[13:19:22] [ServerMain/INFO]: [bootstrap] Running Java 21 (OpenJDK 64-Bit Server VM 21.0.5+11-LTS; Amazon.com Inc. Corretto-21.0.5.11.1) on Windows 11 10.0 (amd64)
[13:19:22] [ServerMain/INFO]: [bootstrap] Loading Paper 1.21.1-133-ver/1.21.1@3cb8529 (2025-03-28T16:14:36Z) for Minecraft 1.21.1
[13:19:23] [ServerMain/INFO]: [PluginInitializerManager] Initializing plugins...
[13:19:24] [ServerMain/INFO]: [PluginInitializerManager] Initialized 3 plugins
[13:19:24] [ServerMain/INFO]: [PluginInitializerManager] Paper plugins (1):
 - FireballArtefacts (1.0-SNAPSHOT)
[13:19:24] [ServerMain/INFO]: [PluginInitializerManager] Bukkit plugins (2):
 - ProtocolLib (5.4.0), SuperVanish (6.2.20)
[13:19:28] [ServerMain/INFO]: Environment: Environment[sessionHost=https://sessionserver.mojang.com, servicesHost=https://api.minecraftservices.com, name=PROD]
[13:19:30] [ServerMain/INFO]: Loaded 1290 recipes
[13:19:31] [ServerMain/INFO]: Loaded 1399 advancements
[13:19:31] [Server thread/INFO]: Starting minecraft server version 1.21.1
[13:19:31] [Server thread/INFO]: Loading properties
[13:19:31] [Server thread/INFO]: This server is running Paper version 1.21.1-133-ver/1.21.1@3cb8529 (2025-03-28T16:14:36Z) (Implementing API version 1.21.1-R0.1-SNAPSHOT)
[13:19:32] [Server thread/INFO]: [spark] This server bundles the spark profiler. For more information please visit https://docs.papermc.io/paper/profiling
[13:19:32] [Server thread/INFO]: Server Ping Player Sample Count: 12
[13:19:32] [Server thread/INFO]: Using 4 threads for Netty based IO
[13:19:32] [Server thread/INFO]: [ChunkTaskScheduler] Chunk system is using 1 I/O threads, 4 worker threads, and population gen parallelism of 4 threads
[13:19:32] [Server thread/INFO]: Default game type: SURVIVAL
[13:19:32] [Server thread/INFO]: Generating keypair
[13:19:32] [Server thread/INFO]: Starting Minecraft server on *:25565
[13:19:33] [Server thread/INFO]: Using default channel type
[13:19:33] [Server thread/INFO]: Paper: Using Java compression from Velocity.
[13:19:33] [Server thread/INFO]: Paper: Using Java cipher from Velocity.
[13:19:33] [Server thread/INFO]: [ProtocolLib] Loading server plugin ProtocolLib v5.4.0
[13:19:33] [Server thread/INFO]: [SuperVanish] Loading server plugin SuperVanish v6.2.20
[13:19:33] [Server thread/INFO]: [FireballArtefacts] Loading server plugin FireballArtefacts v1.0-SNAPSHOT
[13:19:33] [Server thread/INFO]: Server permissions file permissions.yml is empty, ignoring it
[13:19:33] [Server thread/INFO]: [ProtocolLib] Enabling ProtocolLib v5.4.0
[13:19:33] [Server thread/WARN]: **** SERVER IS RUNNING IN OFFLINE/INSECURE MODE!
[13:19:33] [Server thread/WARN]: The server will make no attempt to authenticate usernames. Beware.
[13:19:33] [Server thread/WARN]: While this makes the game possible to play without internet access, it also opens up the ability for hackers to connect with any username they choose.
[13:19:33] [Server thread/WARN]: To change this, set "online-mode" to "true" in the server.properties file.
[13:19:33] [Server thread/INFO]: Preparing level "world"
[13:19:34] [Server thread/INFO]: Preparing start region for dimension minecraft:overworld
[13:19:35] [Server thread/INFO]: Time elapsed: 1010 ms
[13:19:35] [Server thread/INFO]: Preparing start region for dimension minecraft:the_nether
[13:19:35] [Server thread/INFO]: Time elapsed: 188 ms
[13:19:35] [Server thread/INFO]: Preparing start region for dimension minecraft:the_end
[13:19:35] [Server thread/INFO]: Time elapsed: 42 ms
[13:19:35] [Server thread/INFO]: [SuperVanish] Enabling SuperVanish v6.2.20
[13:19:35] [Server thread/INFO]: [SuperVanish] Hooked into PaperSpigot for server list ping support
[13:19:35] [Server thread/INFO]: [FireballArtefacts] Enabling FireballArtefacts v1.0-SNAPSHOT
[13:19:36] [Server thread/INFO]: [com.zaxxer.hikari.HikariDataSource] HikariPool-1 - Starting...
[13:19:36] [Server thread/INFO]: [com.zaxxer.hikari.pool.HikariPool] HikariPool-1 - Added connection com.mysql.cj.jdbc.ConnectionImpl@2bdc350b
[13:19:36] [Server thread/INFO]: [com.zaxxer.hikari.HikariDataSource] HikariPool-1 - Start completed.
[13:19:37] [Server thread/INFO]: [spark] Starting background profiler...
[13:19:37] [Server thread/INFO]: [spark] The async-profiler engine is not supported for your os/arch (windows11/amd64), so the built-in Java engine will be used instead.
[13:19:37] [Server thread/INFO]: Done preparing level "world" (3.429s)
[13:19:37] [Server thread/INFO]: Running delayed init tasks
[13:19:37] [Server thread/INFO]: Done (15.271s)! For help, type "help"
[13:19:37] [Server thread/INFO]: Timings Reset
[13:19:39] [User Authenticator #0/INFO]: UUID of player eripe14 is f095007e-e68e-3657-b58d-50692af9ea28
[13:19:40] [Server thread/INFO]: eripe14 joined the game
[13:19:40] [Server thread/INFO]: eripe14[/127.0.0.1:62052] logged in with entity id 24 at ([world]275.06774384788235, 78.0, -292.2728699484591)
